// Jest Snapshot v1, https://goo.gl/fbAQLP

exports[`<App /> renders 1`] = `
<div
  className={undefined}
>
  <div
    className={undefined}
  >
    <img
      alt="Logo"
      role="presentation"
      src="IMAGE_MOCK"
    />
    <h1>
      test
    </h1>
  </div>
  <hr />
  <div
    className={undefined}
  />
</div>
`;
